******************************************************************************
                  TI ARM Linker PC v20.2.7                     
******************************************************************************
>> Linked Sun Oct 15 18:23:19 2023

OUTPUT FILE NAME:   <Bootloader.out>
ENTRY POINT SYMBOL: "_c_int00_noargs"  address: 00001165


MEMORY CONFIGURATION

         name            origin    length      used     unused   attr    fill
----------------------  --------  ---------  --------  --------  ----  --------
  FLASH                 00000000   00040000  00001490  0003eb70  R  X
  SRAM                  20000000   00008000  00002b8c  00005474  RW X


SEGMENT ALLOCATION MAP

run origin  load origin   length   init length attrs members
----------  ----------- ---------- ----------- ----- -------
00000000    00000000    00001490   00001490    r-x
  00000000    00000000    0000026c   0000026c    r-- .intvecs
  0000026c    0000026c    000010bc   000010bc    r-x .text
  00001328    00001328    00000130   00000130    r-- .const
  00001458    00001458    00000038   00000038    r-- .cinit
20000000    20000000    00002b90   00000000    rw-
  20000000    20000000    0000026c   00000000    rw- .vtable
  2000026c    2000026c    00002720   00000000    rw- .data
  20002990    20002990    00000200   00000000    rw- .stack


SECTION ALLOCATION MAP

 output                                  attributes/
section   page    origin      length       input sections
--------  ----  ----------  ----------   ----------------
.intvecs   0    00000000    0000026c     
                  00000000    0000026c     tm4c123gh6pm_startup_ccs.obj (.intvecs)

.text      0    0000026c    000010bc     
                  0000026c    00000200     Hex_Recieve.obj (.text)
                  0000046c    0000016c     driverlib.lib : gpio.obj (.text:GPIOPadConfigSet)
                  000005d8    00000130                   : can.obj (.text:CANMessageSet)
                  00000708    00000118                   : sysctl.obj (.text:SysCtlClockGet)
                  00000820    00000116                   : can.obj (.text:CANMessageGet)
                  00000936    00000002     --HOLE-- [fill = 0]
                  00000938    000000c4                   : eeprom.obj (.text:EEPROMProgram)
                  000009fc    000000c4     main.obj (.text)
                  00000ac0    000000bc     Program.obj (.text)
                  00000b7c    0000009c     rtsv7M4_T_le_v4SPD16_eabi.lib : memcpy_t2.asm.obj (.text)
                  00000c18    0000007a                                   : memset_t2.asm.obj (.text)
                  00000c92    00000002     --HOLE-- [fill = 0]
                  00000c94    0000006c     driverlib.lib : can.obj (.text:CANBitRateSet)
                  00000d00    00000068                   : flash.obj (.text:FlashProgram)
                  00000d68    00000068                   : interrupt.obj (.text:IntEnable)
                  00000dd0    00000068     rtsv7M4_T_le_v4SPD16_eabi.lib : copy_decompress_lzss.c.obj (.text:decompress:lzss:__TI_decompress_lzss)
                  00000e38    0000005c     driverlib.lib : can.obj (.text:_CANIntNumberGet)
                  00000e94    0000004c                   : gpio.obj (.text:GPIOPinConfigure)
                  00000ee0    00000048     EEPROM.obj (.text)
                  00000f28    00000044     rtsv7M4_T_le_v4SPD16_eabi.lib : autoinit.c.obj (.text:__TI_auto_init_nobinit_nopinit:__TI_auto_init_nobinit_nopinit)
                  00000f6c    00000040     driverlib.lib : can.obj (.text:CANStatusGet)
                  00000fac    0000003c                   : eeprom.obj (.text:_EEPROMSectorMaskSet)
                  00000fe8    0000003a                   : can.obj (.text:CANInit)
                  00001022    00000002     --HOLE-- [fill = 0]
                  00001024    00000038                   : eeprom.obj (.text:EEPROMRead)
                  0000105c    00000038                   : sysctl.obj (.text:SysCtlPeripheralReady)
                  00001094    00000034                   : interrupt.obj (.text:IntRegister)
                  000010c8    00000034                   : sysctl.obj (.text:SysCtlPeripheralDisable)
                  000010fc    00000034                   : sysctl.obj (.text:SysCtlPeripheralEnable)
                  00001130    00000034                   : eeprom.obj (.text:_EEPROMSectorMaskClear)
                  00001164    00000034     rtsv7M4_T_le_v4SPD16_eabi.lib : boot_cortex_m.c.obj (.text:_c_int00_noargs:_c_int00_noargs)
                  00001198    00000030     driverlib.lib : flash.obj (.text:FlashErase)
                  000011c8    0000002c                   : gpio.obj (.text:GPIODirModeSet)
                  000011f4    0000002a                   : can.obj (.text:_CANDataRegRead)
                  0000121e    00000024                   : can.obj (.text:_CANDataRegWrite)
                  00001242    00000022                   : can.obj (.text:CANIntClear)
                  00001264    00000020                   : can.obj (.text:CANIntStatus)
                  00001284    0000001c     rtsv7M4_T_le_v4SPD16_eabi.lib : copy_zero_init.c.obj (.text:decompress:ZI:__TI_zero_init_nomemset:__TI_zero_init_nomemset)
                  000012a0    0000001a     driverlib.lib : gpio.obj (.text:GPIOPinTypeGPIOOutput)
                  000012ba    00000018                   : can.obj (.text:CANIntRegister)
                  000012d2    00000016                   : gpio.obj (.text:GPIOPinTypeCAN)
                  000012e8    0000000e     rtsv7M4_T_le_v4SPD16_eabi.lib : copy_decompress_none.c.obj (.text:decompress:none:__TI_decompress_none)
                  000012f6    0000000c     tm4c123gh6pm_startup_ccs.obj (.text)
                  00001302    0000000a     driverlib.lib : can.obj (.text:CANEnable)
                  0000130c    00000008                   : can.obj (.text:CANIntEnable)
                  00001314    00000006                   : gpio.obj (.text:GPIOPinWrite)
                  0000131a    00000006                   : sysctl.obj (.text:SysCtlDelay)
                  00001320    00000004     rtsv7M4_T_le_v4SPD16_eabi.lib : pre_init.c.obj (.text:_system_pre_init)
                  00001324    00000004                                   : exit.c.obj (.text:abort:abort)

.const     0    00001328    00000130     
                  00001328    00000090     driverlib.lib : gpio.obj (.const:g_pui32GPIOBaseAddrs)
                  000013b8    0000006c                   : sysctl.obj (.const:g_pui32Xtals)
                  00001424    00000020                   : can.obj (.const:g_ui16CANBitValues)
                  00001444    00000014                   : interrupt.obj (.const:g_pui32EnRegs)

.cinit     0    00001458    00000038     
                  00001458    00000012     (.cinit..data.load) [load image, compression = lzss]
                  0000146a    00000002     --HOLE-- [fill = 0]
                  0000146c    0000000c     (__TI_handler_table)
                  00001478    00000008     (.cinit..vtable.load) [load image, compression = zero_init]
                  00001480    00000010     (__TI_cinit_table)

.init_array 
*          0    00000000    00000000     UNINITIALIZED

.vtable    0    20000000    0000026c     UNINITIALIZED
                  20000000    0000026c     driverlib.lib : interrupt.obj (.vtable)

.data      0    2000026c    00002720     UNINITIALIZED
                  2000026c    00002710     main.obj (.data:Code_hex)
                  2000297c    00000008     Program.obj (.data)
                  20002984    00000006     Hex_Recieve.obj (.data)
                  2000298a    00000002     main.obj (.data)

.stack     0    20002990    00000200     UNINITIALIZED
                  20002990    00000004     rtsv7M4_T_le_v4SPD16_eabi.lib : boot_cortex_m.c.obj (.stack)
                  20002994    000001fc     --HOLE--

__llvm_prf_cnts 
*          0    20000000    00000000     UNINITIALIZED

MODULE SUMMARY

       Module                         code   ro data   rw data
       ------                         ----   -------   -------
    .\
       main.obj                       196    0         10002  
       tm4c123gh6pm_startup_ccs.obj   12     620       0      
    +--+------------------------------+------+---------+---------+
       Total:                         208    620       10002  
                                                              
    .\Application\
       Program.obj                    188    0         8      
    +--+------------------------------+------+---------+---------+
       Total:                         188    0         8      
                                                              
    .\HAL\EEPROM_Drivers\
       EEPROM.obj                     72     0         0      
    +--+------------------------------+------+---------+---------+
       Total:                         72     0         0      
                                                              
    .\HAL\Hex_Recieve\
       Hex_Recieve.obj                512    0         6      
    +--+------------------------------+------+---------+---------+
       Total:                         512    0         6      
                                                              
    C:/ti/TivaWare_C_Series-2.2.0.295/driverlib/ccs/Debug/driverlib.lib
       can.obj                        1090   32        0      
       interrupt.obj                  156    20        620    
       gpio.obj                       538    144       0      
       sysctl.obj                     446    108       0      
       eeprom.obj                     364    0         0      
       flash.obj                      152    0         0      
    +--+------------------------------+------+---------+---------+
       Total:                         2746   304       620    
                                                              
    C:\ti\ccs1240\ccs\tools\compiler\ti-cgt-arm_20.2.7.LTS\lib\rtsv7M4_T_le_v4SPD16_eabi.lib
       memcpy_t2.asm.obj              156    0         0      
       memset_t2.asm.obj              122    0         0      
       copy_decompress_lzss.c.obj     104    0         0      
       autoinit.c.obj                 68     0         0      
       boot_cortex_m.c.obj            52     0         0      
       copy_zero_init.c.obj           28     0         0      
       copy_decompress_none.c.obj     14     0         0      
       exit.c.obj                     4      0         0      
       pre_init.c.obj                 4      0         0      
    +--+------------------------------+------+---------+---------+
       Total:                         552    0         0      
                                                              
       Stack:                         0      0         512    
       Linker Generated:              0      54        0      
    +--+------------------------------+------+---------+---------+
       Grand Total:                   4278   978       11148  


LINKER GENERATED COPY TABLES

__TI_cinit_table @ 00001480 records: 2, size/record: 8, table size: 16
	.data: load addr=00001458, load size=00000012 bytes, run addr=2000026c, run size=00002720 bytes, compression=lzss
	.vtable: load addr=00001478, load size=00000008 bytes, run addr=20000000, run size=0000026c bytes, compression=zero_init


LINKER GENERATED HANDLER TABLE

__TI_handler_table @ 0000146c records: 3, size/record: 4, table size: 12
	index: 0, handler: __TI_zero_init
	index: 1, handler: __TI_decompress_lzss
	index: 2, handler: __TI_decompress_none


GLOBAL SYMBOLS: SORTED ALPHABETICALLY BY Name 

address   name                          
-------   ----                          
00000ac1  Assign_Bank                   
00001325  C$$EXIT                       
00000c95  CANBitRateSet                 
00001303  CANEnable                     
00000fe9  CANInit                       
00001243  CANIntClear                   
0000130d  CANIntEnable                  
0000026d  CANIntHandler                 
000012bb  CANIntRegister                
00001265  CANIntStatus                  
00000821  CANMessageGet                 
000005d9  CANMessageSet                 
00000f6d  CANStatusGet                  
2000298a  Code_Size                     
2000026c  Code_hex                      
20002980  Current_Address               
2000297c  Current_Bank                  
00000939  EEPROMProgram                 
00001025  EEPROMRead                    
00000f0d  EEPROM_Read                   
00000ef5  EEPROM_Write                  
00000ee1  EEPROM_init                   
00000b0f  Erase_Sector                  
00001199  FlashErase                    
00000d01  FlashProgram                  
00000af9  Flash_New_Program             
000011c9  GPIODirModeSet                
0000046d  GPIOPadConfigSet              
00000e95  GPIOPinConfigure              
000012d3  GPIOPinTypeCAN                
000012a1  GPIOPinTypeGPIOOutput         
00001315  GPIOPinWrite                  
00000d69  IntEnable                     
00001095  IntRegister                   
00000b43  Jump_To_New_Program           
000012f7  ResetISR                      
00000709  SysCtlClockGet                
0000131b  SysCtlDelay                   
000010c9  SysCtlPeripheralDisable       
000010fd  SysCtlPeripheralEnable        
0000105d  SysCtlPeripheralReady         
20002b90  __STACK_END                   
00000200  __STACK_SIZE                  
20002b90  __STACK_TOP                   
00001480  __TI_CINIT_Base               
00001490  __TI_CINIT_Limit              
0000146c  __TI_Handler_Table_Base       
00001478  __TI_Handler_Table_Limit      
00000f29  __TI_auto_init_nobinit_nopinit
00000dd1  __TI_decompress_lzss          
000012e9  __TI_decompress_none          
ffffffff  __TI_pprof_out_hndl           
ffffffff  __TI_prof_data_size           
ffffffff  __TI_prof_data_start          
00000000  __TI_static_base__            
00001285  __TI_zero_init_nomemset       
00000c19  __aeabi_memclr                
00000c19  __aeabi_memclr4               
00000c19  __aeabi_memclr8               
00000b7d  __aeabi_memcpy                
00000b7d  __aeabi_memcpy4               
00000b7d  __aeabi_memcpy8               
00000c1b  __aeabi_memset                
00000c1b  __aeabi_memset4               
00000c1b  __aeabi_memset8               
ffffffff  __binit__                     
ffffffff  __c_args__                    
UNDEFED   __mpu_init                    
20002990  __stack                       
20000000  __start___llvm_prf_cnts       
20000000  __stop___llvm_prf_cnts        
00001165  _c_int00_noargs               
UNDEFED   _system_post_cinit            
00001321  _system_pre_init              
00001325  abort                         
ffffffff  binit                         
000002b9  can_init                      
00000353  can_receiveFile               
0000030d  can_receiveNonBlocking        
20002989  g_bErrFlag                    
20002988  g_bRXFlag                     
20000000  g_pfnRAMVectors               
00000000  g_pfnVectors                  
20002984  g_ui32MsgCount                
000009fd  main                          
00000b7d  memcpy                        
00000c21  memset                        


GLOBAL SYMBOLS: SORTED BY Symbol Address 

address   name                          
-------   ----                          
00000000  __TI_static_base__            
00000000  g_pfnVectors                  
00000200  __STACK_SIZE                  
0000026d  CANIntHandler                 
000002b9  can_init                      
0000030d  can_receiveNonBlocking        
00000353  can_receiveFile               
0000046d  GPIOPadConfigSet              
000005d9  CANMessageSet                 
00000709  SysCtlClockGet                
00000821  CANMessageGet                 
00000939  EEPROMProgram                 
000009fd  main                          
00000ac1  Assign_Bank                   
00000af9  Flash_New_Program             
00000b0f  Erase_Sector                  
00000b43  Jump_To_New_Program           
00000b7d  __aeabi_memcpy                
00000b7d  __aeabi_memcpy4               
00000b7d  __aeabi_memcpy8               
00000b7d  memcpy                        
00000c19  __aeabi_memclr                
00000c19  __aeabi_memclr4               
00000c19  __aeabi_memclr8               
00000c1b  __aeabi_memset                
00000c1b  __aeabi_memset4               
00000c1b  __aeabi_memset8               
00000c21  memset                        
00000c95  CANBitRateSet                 
00000d01  FlashProgram                  
00000d69  IntEnable                     
00000dd1  __TI_decompress_lzss          
00000e95  GPIOPinConfigure              
00000ee1  EEPROM_init                   
00000ef5  EEPROM_Write                  
00000f0d  EEPROM_Read                   
00000f29  __TI_auto_init_nobinit_nopinit
00000f6d  CANStatusGet                  
00000fe9  CANInit                       
00001025  EEPROMRead                    
0000105d  SysCtlPeripheralReady         
00001095  IntRegister                   
000010c9  SysCtlPeripheralDisable       
000010fd  SysCtlPeripheralEnable        
00001165  _c_int00_noargs               
00001199  FlashErase                    
000011c9  GPIODirModeSet                
00001243  CANIntClear                   
00001265  CANIntStatus                  
00001285  __TI_zero_init_nomemset       
000012a1  GPIOPinTypeGPIOOutput         
000012bb  CANIntRegister                
000012d3  GPIOPinTypeCAN                
000012e9  __TI_decompress_none          
000012f7  ResetISR                      
00001303  CANEnable                     
0000130d  CANIntEnable                  
00001315  GPIOPinWrite                  
0000131b  SysCtlDelay                   
00001321  _system_pre_init              
00001325  C$$EXIT                       
00001325  abort                         
0000146c  __TI_Handler_Table_Base       
00001478  __TI_Handler_Table_Limit      
00001480  __TI_CINIT_Base               
00001490  __TI_CINIT_Limit              
20000000  __start___llvm_prf_cnts       
20000000  __stop___llvm_prf_cnts        
20000000  g_pfnRAMVectors               
2000026c  Code_hex                      
2000297c  Current_Bank                  
20002980  Current_Address               
20002984  g_ui32MsgCount                
20002988  g_bRXFlag                     
20002989  g_bErrFlag                    
2000298a  Code_Size                     
20002990  __stack                       
20002b90  __STACK_END                   
20002b90  __STACK_TOP                   
ffffffff  __TI_pprof_out_hndl           
ffffffff  __TI_prof_data_size           
ffffffff  __TI_prof_data_start          
ffffffff  __binit__                     
ffffffff  __c_args__                    
ffffffff  binit                         
UNDEFED   __mpu_init                    
UNDEFED   _system_post_cinit            

[87 symbols]
